// Jest Snapshot v1, https://goo.gl/fbAQLP

exports[`client test suite show loading screen 1`] = `"<div class="loading-indicator"> Still Loading... </div>"`;

exports[`client test suite shows error message 1`] = `"<div><h1> Error </h1><div class="error-message"> Error: Failed to fetch </div></div>"`;

exports[`client test suite shows movies list 1`] = `"<div><h1> Movies to come back to: am I even looking right?</h1><h3> Test movie 1 - 2022 </h3><div> We test stuff </div><h3> Test movie 2 - 2022 </h3><div> we test more stuff </div></div>"`;
